// Jest Snapshot v1, https://goo.gl/fbAQLP

exports[`Home should render as expected 1`] = `
<div
  className="container"
>
  <div
    className="row"
  >
    <div
      className="col-xs-12 col-lg-10 offset-lg-1"
    >
      <Header
        apiKey="MYSUPERSECRETKEY"
      />
    </div>
  </div>
</div>
`;
